// Jest Snapshot v1, https://goo.gl/fbAQLP

exports[`Vuei18nProcessor reports errors correctly 1`] = `
Array [
  Object {
    "column": 14,
    "fix": undefined,
    "index": 108,
    "line": 10,
    "message": "Found TODO: 'TODO: this is TODO\\"'",
    "ruleId": "no-todo",
    "severity": 2,
    "type": "lint",
  },
  Object {
    "column": 14,
    "fix": undefined,
    "index": 231,
    "line": 18,
    "message": "Found TODO: 'TODO: これはTODOです\\"'",
    "ruleId": "no-todo",
    "severity": 2,
    "type": "lint",
  },
]
`;
